// Jest Snapshot v1, https://goo.gl/fbAQLP

exports[`should render MultilingualField correctly 1`] = `<Fragment />`;
