// Jest Snapshot v1, https://goo.gl/fbAQLP

exports[`should render SortButtons 1`] = `
<div
  className="d-flex flex-column"
>
  <button
    className="d-flex sortButton "
    name="titleasc"
    onClick={[Function]}
    title="Stigende"
    type="button"
  >
    <i
      className="fa fa-sort-up"
    />
  </button>
  <button
    className="d-flex sortButton "
    name="titledesc"
    onClick={[Function]}
    title="Synkende"
    type="button"
  >
    <i
      className="fa fa-sort-down"
    />
  </button>
</div>
`;
