// Jest Snapshot v1, https://goo.gl/fbAQLP

exports[`should render HelpText 1`] = `
<div
  className="fdk-reg-helptext mb-3 p-3"
>
  <div
    className="d-flex align-items-center"
  >
    <h3>
      Title
    </h3>
  </div>
  <div
    className="d-md-flex"
  >
    <p
      className="m-0"
      dangerouslySetInnerHTML={
        Object {
          "__html": "<p>Abstract</p>",
        }
      }
    />
    <button
      className="fdk-btn-no-border text-left p-0 ml-1 fdk-reg-helptext-more align-self-start"
      onClick={[Function]}
      type="button"
    >
      <i
        className="fa fdk-fa-left fa-angle-double-down"
      />
      Hjelp
    </button>
  </div>
  <Collapse
    appear={false}
    className="mt-3"
    enter={true}
    exit={true}
    in={false}
    isOpen={false}
    mountOnEnter={false}
    onEnter={[Function]}
    onEntered={[Function]}
    onEntering={[Function]}
    onExit={[Function]}
    onExited={[Function]}
    onExiting={[Function]}
    tag="div"
    timeout={350}
    unmountOnExit={false}
  >
    <p
      dangerouslySetInnerHTML={
        Object {
          "__html": "<p>Description</p>",
        }
      }
    />
  </Collapse>
</div>
`;
