// Jest Snapshot v1, https://goo.gl/fbAQLP

exports[`should render LanguagePicker correctly 1`] = `
<div
  className="language-picker"
>
  <p>
    Velg spr√•k:
  </p>
  <div
    className="language-button-group"
  />
</div>
`;
